../Drivers/STM32WBxx_HAL_Driver/Inc/stm32wbxx_ll_rcc.h:1679:22:LL_RCC_LSE_SetDriveCapability	16	static
../Drivers/STM32WBxx_HAL_Driver/Inc/stm32wbxx_ll_bus.h:364:22:LL_AHB1_GRP1_EnableClock	24	static
../Drivers/STM32WBxx_HAL_Driver/Inc/stm32wbxx_ll_bus.h:539:22:LL_AHB2_GRP1_EnableClock	24	static
../Core/Src/main.c:88:5:main	8	static
../Core/Src/main.c:152:6:SystemClock_Config	112	static
../Core/Src/main.c:216:6:PeriphCommonClock_Config	88	static
../Core/Src/main.c:241:13:MX_ADC1_Init	32	static
../Core/Src/main.c:309:13:MX_I2C1_Init	8	static
../Core/Src/main.c:357:13:MX_IPCC_Init	8	static
../Core/Src/main.c:383:13:MX_RF_Init	4	static
../Core/Src/main.c:404:13:MX_RTC_Init	8	static
../Core/Src/main.c:447:13:MX_TIM2_Init	64	static
../Core/Src/main.c:508:13:MX_DMA_Init	8	static
../Core/Src/main.c:527:13:MX_GPIO_Init	32	static
../Core/Src/main.c:592:6:HAL_GPIO_EXTI_Callback	16	static
../Core/Src/main.c:607:6:Error_Handler	8	static,ignoring_inline_asm
