../Core/Src/ssd1306.c:38:6:SSD1306_ScrollRight	16	static
../Core/Src/ssd1306.c:51:6:SSD1306_ScrollLeft	16	static
../Core/Src/ssd1306.c:64:6:SSD1306_Scrolldiagright	16	static
../Core/Src/ssd1306.c:80:6:SSD1306_Scrolldiagleft	16	static
../Core/Src/ssd1306.c:96:6:SSD1306_Stopscroll	8	static
../Core/Src/ssd1306.c:103:6:SSD1306_InvertDisplay	16	static
../Core/Src/ssd1306.c:112:6:SSD1306_DrawBitmap	32	static
../Core/Src/ssd1306.c:138:9:SSD1306_Init	16	static
../Core/Src/ssd1306.c:204:6:SSD1306_UpdateScreen	16	static
../Core/Src/ssd1306.c:217:6:SSD1306_ToggleInvert	16	static
../Core/Src/ssd1306.c:229:6:SSD1306_Fill	16	static
../Core/Src/ssd1306.c:234:6:SSD1306_DrawPixel	16	static
../Core/Src/ssd1306.c:256:6:SSD1306_GotoXY	16	static
../Core/Src/ssd1306.c:262:6:SSD1306_Putc	32	static
../Core/Src/ssd1306.c:293:6:SSD1306_Puts	24	static
../Core/Src/ssd1306.c:311:6:SSD1306_DrawLine	40	static
../Core/Src/ssd1306.c:395:6:SSD1306_DrawRectangle	32	static
../Core/Src/ssd1306.c:420:6:SSD1306_DrawFilledRectangle	40	static
../Core/Src/ssd1306.c:447:6:SSD1306_DrawTriangle	32	static
../Core/Src/ssd1306.c:455:6:SSD1306_DrawFilledTriangle	64	static
../Core/Src/ssd1306.c:511:6:SSD1306_DrawCircle	40	static
../Core/Src/ssd1306.c:545:6:SSD1306_DrawFilledCircle	48	static
../Core/Src/ssd1306.c:578:6:SSD1306_Clear	8	static
../Core/Src/ssd1306.c:583:6:SSD1306_ON	8	static
../Core/Src/ssd1306.c:588:6:SSD1306_OFF	8	static
../Core/Src/ssd1306.c:604:6:ssd1306_I2C_Init	16	static
../Core/Src/ssd1306.c:616:6:ssd1306_I2C_WriteMulti	296	static
../Core/Src/ssd1306.c:626:6:ssd1306_I2C_Write	32	static
