../STM32_WPAN/App/custom_app.c:162:6:task_main	8	static
../STM32_WPAN/App/custom_app.c:212:6:Custom_STM_App_Notification	16	static
../STM32_WPAN/App/custom_app.c:292:6:Custom_APP_Notification	16	static
../STM32_WPAN/App/custom_app.c:329:6:Custom_APP_Init	8	static
../STM32_WPAN/App/custom_app.c:354:6:DisplayMenu_Function	16	static
../STM32_WPAN/App/custom_app.c:417:6:Amplification_Function	16	static
../STM32_WPAN/App/custom_app.c:491:6:TempHum_Function	8	static
../STM32_WPAN/App/custom_app.c:534:6:MeasureChemical_Function	16	static
../STM32_WPAN/App/custom_app.c:598:6:ShowValues_Function	16	static
../STM32_WPAN/App/custom_app.c:679:6:SendValues_Function	8	static
../STM32_WPAN/App/custom_app.c:757:6:WaitUser_Function	8	static
../STM32_WPAN/App/custom_app.c:774:6:ChemicalError_Function	8	static
../STM32_WPAN/App/custom_app.c:788:6:Sample_Function	24	static
../STM32_WPAN/App/custom_app.c:882:6:ADCCheck_Function	8	static
../STM32_WPAN/App/custom_app.c:906:6:Battery_Percentage	8	static
../STM32_WPAN/App/custom_app.c:933:6:addRow	16	static
../STM32_WPAN/App/custom_app.c:939:6:deleteRow	24	static
../STM32_WPAN/App/custom_app.c:955:6:clearMemory	16	static
