../STM32_WPAN/App/custom_app.c:139:6:task_main	8	static
../STM32_WPAN/App/custom_app.c:184:6:Custom_STM_App_Notification	16	static
../STM32_WPAN/App/custom_app.c:232:6:Custom_APP_Notification	16	static
../STM32_WPAN/App/custom_app.c:269:6:Custom_APP_Init	8	static
../STM32_WPAN/App/custom_app.c:296:6:DisplayMenu_Function	16	static
../STM32_WPAN/App/custom_app.c:353:6:Amplification_Function	16	static
../STM32_WPAN/App/custom_app.c:427:6:TempHum_Function	16	static
../STM32_WPAN/App/custom_app.c:471:6:MeasureChemical_Function	16	static
../STM32_WPAN/App/custom_app.c:522:6:ShowValues_Function	16	static
../STM32_WPAN/App/custom_app.c:594:6:WaitUser_Function	8	static
../STM32_WPAN/App/custom_app.c:611:6:ChemicalError_Function	8	static
../STM32_WPAN/App/custom_app.c:625:6:Sample_Function	16	static
../STM32_WPAN/App/custom_app.c:716:6:ADCCheck_Function	8	static
../STM32_WPAN/App/custom_app.c:729:6:Battery_Percentage	8	static
